// Jest Snapshot v1, https://goo.gl/fbAQLP

exports[`Attendees: renders correctly 1`] = `
<ul>
  <li>
    John Smith
  </li>
</ul>
`;
